Microchip MPLAB XC8 Compiler V2.46

Linker command line:

-W-3 \
  --edf=C:\Program Files\Microchip\xc8\v2.46\pic\dat\20240104201356_en.msgs \
  -cn -h+dist/default/production\project1.production.sym \
  --cmf=dist/default/production\project1.production.cmf -z -Q18F4620 \
  -oC:\Users\DELL\AppData\Local\Temp\xcAs7m4.\driver_tmp_3.o \
  --defsym=__MPLAB_BUILD=1 --fixupoverflow=error \
  -Mdist/default/production/project1.production.map \
  --md=C:\Users\DELL\AppData\Local\Temp\xcAs7m4.\driver_tmp_0.dat -E1 \
  -ver=XC8 Compiler --acfsm=1493 -ACODE=00h-0FFFFh -ACONST=00h-0FFFFh \
  -ASMALLCONST=01000h-010FFhx240 -AMEDIUMCONST=01000h-0FFFFh \
  -ACOMRAM=01h-07Fh -AABS1=00h-0F7Fh -ABIGRAM=01h-0F7Fh \
  -ARAM=080h-0FFh,0100h-01FFhx14,0F00h-0F7Fh -ABANK0=080h-0FFh \
  -ABANK1=0100h-01FFh -ABANK2=0200h-02FFh -ABANK3=0300h-03FFh \
  -ABANK4=0400h-04FFh -ABANK5=0500h-05FFh -ABANK6=0600h-06FFh \
  -ABANK7=0700h-07FFh -ABANK8=0800h-08FFh -ABANK9=0900h-09FFh \
  -ABANK10=0A00h-0AFFh -ABANK11=0B00h-0BFFh -ABANK12=0C00h-0CFFh \
  -ABANK13=0D00h-0DFFh -ABANK14=0E00h-0EFFh -ABANK15=0F00h-0F7Fh \
  -ASFR=0F80h-0FFFh -ABIGSFR=0F80h-0FFFh -ACONFIG=0300000h-030000Dh \
  -AIDLOC=0200000h-0200007h -AEEDATA=0F00000h-0F003FFh -peeprom_data=EEDATA \
  -preset_vec=00h,intcode=8h,intcodelo,powerup,init -pramtop=01000h \
  -psmallconst=SMALLCONST -pmediumconst=MEDIUMCONST -pconst=CONST \
  -AFARRAM=00h-00h \
  -prdata=COMRAM,nvrram=COMRAM,nvbit=COMRAM,rbss=COMRAM,rbit=COMRAM \
  -pfarbss=FARRAM,fardata=FARRAM,nvFARRAM=FARRAM \
  -pintsave_regs=BIGRAM,bigbss=BIGRAM,bigdata=BIGRAM -pbss=RAM \
  -pidata=CODE,irdata=CODE,ibigdata=CODE,ifardata=CODE -prparam=COMRAM \
  C:\Users\DELL\AppData\Local\Temp\xcAs7m4.\driver_tmp_9.o \
  dist/default/production\project1.production.o 

Object code version is 3.11

Machine type is 18F4620



                Name                               Link     Load   Length Selector   Space Scale
C:\Users\DELL\AppData\Local\Temp\xcAs7m4.\driver_tmp_9.o
                config                           300000   300000        E        0       4
                init                                  E        E        4        4       0
                reset_vec                             0        0        4        0       0
dist/default/production\project1.production.o
                intcode                               8        8        6        4       0
                config                           300000   300000        E        0       4
                temp                                 77       77        1        1       1
                smallconst                         1000     1000       16      800       0
                text21                             15EE     15EE        4      A88       0
                text20                             15EA     15EA        4      A88       0
                text19                             15E6     15E6        4      A88       0
                text18                             15F4     15F4        2      A88       0
                text17                             15E2     15E2        4      A88       0
                text16                             15DE     15DE        4      A88       0
                text15                             15DA     15DA        4      A88       0
                text14                             15D6     15D6        4      A88       0
                text13                             15D2     15D2        4      A88       0
                text12                             15F2     15F2        2      A88       0
                text11                             14A2     14A2       2E      80B       0
                text10                             1578     1578       1A      A88       0
                text9                              155E     155E       1A      A88       0
                text8                              1544     1544       1A      A88       0
                text7                              152A     152A       1A      A88       0
                text6                              15BE     15BE        C      A88       0
                text5                              15B2     15B2        C      A88       0
                text4                              15A6     15A6        C      A88       0
                text3                              15CA     15CA        8      A88       0
                intcode_body                       1016     1016      42A      80B       0
                text1                              1592     1592       14      A88       0
                text0                              1510     1510       1A      A88       0
                cstackCOMRAM                         67       67       10        1       1
                dataBANK0                            80       80       21       80       1
                bssBANK0                             A1       A1       18       80       1
                dataCOMRAM                           49       49       1E        1       1
                bssCOMRAM                             1        1       48        1       1
                cinit                              1440     1440       62      80B       0
                idataBANK0                         14D0     14D0       21      80B       0
                idataCOMRAM                        14F1     14F1       1E      80B       0

TOTAL           Name                               Link     Load   Length     Space
        CLASS   CODE           
                intcode                               8        8        6         0
                init                                  E        E        4         0
                reset_vec                             0        0        4         0
                text21                             15EE     15EE        4         0
                text20                             15EA     15EA        4         0
                text19                             15E6     15E6        4         0
                text18                             15F4     15F4        2         0
                text17                             15E2     15E2        4         0
                text16                             15DE     15DE        4         0
                text15                             15DA     15DA        4         0
                text14                             15D6     15D6        4         0
                text13                             15D2     15D2        4         0
                text12                             15F2     15F2        2         0
                text11                             14A2     14A2       2E         0
                text10                             1578     1578       1A         0
                text9                              155E     155E       1A         0
                text8                              1544     1544       1A         0
                text7                              152A     152A       1A         0
                text6                              15BE     15BE        C         0
                text5                              15B2     15B2        C         0
                text4                              15A6     15A6        C         0
                text3                              15CA     15CA        8         0
                intcode_body                       1016     1016      42A         0
                text1                              1592     1592       14         0
                text0                              1510     1510       1A         0
                cinit                              1440     1440       62         0
                idataBANK0                         14D0     14D0       21         0
                idataCOMRAM                        14F1     14F1       1E         0

        CLASS   CONST          

        CLASS   SMALLCONST     
                smallconst                         1000     1000       16         0

        CLASS   MEDIUMCONST    

        CLASS   COMRAM         
                temp                                 77       77        1         1
                cstackCOMRAM                         67       67       10         1
                dataCOMRAM                           49       49       1E         1
                bssCOMRAM                             1        1       48         1

        CLASS   ABS1           

        CLASS   BIGRAM         

        CLASS   RAM            

        CLASS   BANK0          
                dataBANK0                            80       80       21         1
                bssBANK0                             A1       A1       18         1

        CLASS   BANK1          

        CLASS   BANK2          

        CLASS   BANK3          

        CLASS   BANK4          

        CLASS   BANK5          

        CLASS   BANK6          

        CLASS   BANK7          

        CLASS   BANK8          

        CLASS   BANK9          

        CLASS   BANK10         

        CLASS   BANK11         

        CLASS   BANK12         

        CLASS   BANK13         

        CLASS   BANK14         

        CLASS   BANK15         

        CLASS   SFR            

        CLASS   BIGSFR         

        CLASS   CONFIG         
                config                           300000   300000        E         4

        CLASS   IDLOC          

        CLASS   EEDATA         

        CLASS   FARRAM         

        CLASS   HEAP           

        CLASS   STACK          



SEGMENTS        Name                           Load    Length   Top    Selector   Space  Class

                reset_vec                      000000  000004  000004         0       0  CODE    
                bssCOMRAM                      000001  000077  000078         1       1  COMRAM  
                intcode                        000008  00000A  000012         4       0  CODE    
                dataBANK0                      000080  000039  0000B9        80       1  BANK0   
                smallconst                     001000  000016  001016       800       0  SMALLCON
                intcode_body                   001016  0004F9  00150F       80B       0  CODE    
                text0                          001510  0000E6  0015F6       A88       0  CODE    


UNUSED ADDRESS RANGES

        Name                Unused          Largest block    Delta
        BANK0            0000B9-0000FF               47
        BANK1            000100-0001FF              100
        BANK10           000A00-000AFF              100
        BANK11           000B00-000BFF              100
        BANK12           000C00-000CFF              100
        BANK13           000D00-000DFF              100
        BANK14           000E00-000EFF              100
        BANK15           000F00-000F7F               80
        BANK2            000200-0002FF              100
        BANK3            000300-0003FF              100
        BANK4            000400-0004FF              100
        BANK5            000500-0005FF              100
        BANK6            000600-0006FF              100
        BANK7            000700-0007FF              100
        BANK8            000800-0008FF              100
        BANK9            000900-0009FF              100
        BIGRAM           000078-00007F                8
                         0000B9-000F7F              EC7
        BIGSFR           000F80-000FFF               80
        CODE             000004-000007                4
                         000012-000FFF              FEE
                         00150F-00150F                1
                         0015F6-00FFFF             EA0A
        COMRAM           000078-00007F                8
        CONST            000004-000007                4
                         000012-000FFF              FEE
                         00150F-00150F                1
                         0015F6-00FFFF             EA0A
        EEDATA           F00000-F003FF              400
        IDLOC            200000-200007                8
        MEDIUMCONST      00150F-00150F                1
                         0015F6-00FFFF             EA0A
        RAM              0000B9-000F7F              100
        SFR              000F80-000FFF               80
        SMALLCONST       00150F-00150F                1
                         0015F6-00FFFF              100

                                  Symbol Table

?_Real_Time_Clock_Ds1307_Get_Data_Time                cstackCOMRAM 00006B
CCP_Compare_Write_Data@F3121                          bssCOMRAM    000039
RB4_ISR@RB4_Source                                    cstackCOMRAM 000067
RB5_ISR@RB5_Source                                    cstackCOMRAM 000067
RB6_ISR@RB6_Source                                    cstackCOMRAM 000067
RB7_ISR@RB7_Source                                    cstackCOMRAM 000067
_ADCON0bits                                           (abs)        000FC2
_ADCON1bits                                           (abs)        000FC1
_ADCON2bits                                           (abs)        000FC0
_ADC_INTERRUPT_HANDELER                               bssCOMRAM    00003F
_ADC_ISR                                              text21       0015EE
_ADRESH                                               (abs)        000FC4
_ADRESL                                               (abs)        000FC3
_BAUDCONbits                                          (abs)        000FB8
_CCP1CONbits                                          (abs)        000FBD
_CCP1_INTERRUPT_SET_HANDELER                          bssCOMRAM    00003D
_CCP1_ISR                                             text20       0015EA
_CCP2CONbits                                          (abs)        000FBA
_CCP2_INTERRUPT_SET_HANDELER                          bssCOMRAM    00003B
_CCP2_ISR                                             text19       0015E6
_CCPR1H                                               (abs)        000FBF
_CCPR1L                                               (abs)        000FBE
_CCPR2H                                               (abs)        000FBC
_CCPR2L                                               (abs)        000FBB
_EEADR                                                (abs)        000FA9
_EEADRH                                               (abs)        000FAA
_EECON1bits                                           (abs)        000FA6
_EECON2                                               (abs)        000FA7
_EEDATA                                               (abs)        000FA8
_EUSART_FRAMING_ERROR_INTERRUPT_HANDELER              bssCOMRAM    000009
_EUSART_OVERRUN_ERROR_INTERRUPT_HANDELER              bssCOMRAM    000007
_EUSART_RX_INTERRUPT_HANDELER                         bssCOMRAM    00000B
_EUSART_RX_ISR                                        text18       0015F4
_EUSART_TX_INTERRUPT_HANDELER                         bssCOMRAM    00000D
_EUSART_TX_ISR                                        text17       0015E2
_INT0_ISR                                             text16       0015DE
_INT0_Interrupt_Handler                               bssCOMRAM    000031
_INT1_ISR                                             text15       0015DA
_INT1_Interrupt_Handler                               bssCOMRAM    00002F
_INT2_ISR                                             text14       0015D6
_INT2_Interrupt_Handler                               bssCOMRAM    00002D
_INTCON2bits                                          (abs)        000FF1
_INTCON3bits                                          (abs)        000FF0
_INTCONbits                                           (abs)        000FF2
_INTERRUPT_MANAGER_HIGH                               intcode      000008
_LATA                                                 (abs)        000F89
_LATB                                                 (abs)        000F8A
_LATC                                                 (abs)        000F8B
_LATD                                                 (abs)        000F8C
_LATE                                                 (abs)        000F8D
_LAT_Register                                         dataCOMRAM   000049
_MSSP_I2C_APP_ISR                                     text12       0015F2
_MSSP_I2C_BUS_CONTROL_INTERRUPT_HANDELLER             bssCOMRAM    000033
_MSSP_I2C_COLLISION_ISR                               text13       0015D2
_MSSP_I2C_INTERRUPT_HANDELLER                         bssCOMRAM    000037
_MSSP_I2C_ISR                                         text11       0014A2
_MSSP_I2C_REPORT_RECIVE_OVERFLOW                      bssCOMRAM    000035
_PIE1bits                                             (abs)        000F9D
_PIE2bits                                             (abs)        000FA0
_PIR1bits                                             (abs)        000F9E
_PIR2bits                                             (abs)        000FA1
_PORTA                                                (abs)        000F80
_PORTB                                                (abs)        000F81
_PORTBbits                                            (abs)        000F81
_PORTC                                                (abs)        000F82
_PORTD                                                (abs)        000F83
_PORTE                                                (abs)        000F84
_PORT_Register                                        dataBANK0    00008D
_RB4_INT_Interrupt_Handler_HIGH                       bssCOMRAM    00002B
_RB4_INT_Interrupt_Handler_LOW                        bssCOMRAM    000029
_RB4_ISR                                              text10       001578
_RB4_flag                                             dataCOMRAM   000060
_RB5_INT_Interrupt_Handler_HIGH                       bssCOMRAM    000027
_RB5_INT_Interrupt_Handler_LOW                        bssCOMRAM    000025
_RB5_ISR                                              text9        00155E
_RB5_flag                                             dataCOMRAM   00005F
_RB6_INT_Interrupt_Handler_HIGH                       bssCOMRAM    000023
_RB6_INT_Interrupt_Handler_LOW                        bssCOMRAM    000021
_RB6_ISR                                              text8        001544
_RB6_flag                                             dataCOMRAM   00005E
_RB7_INT_Interrupt_Handler_HIGH                       bssCOMRAM    00001F
_RB7_INT_Interrupt_Handler_LOW                        bssCOMRAM    00001D
_RB7_ISR                                              text7        00152A
_RB7_flag                                             dataCOMRAM   00005D
_RCREG                                                (abs)        000FAE
_RCSTAbits                                            (abs)        000FAB
_Real_Time_Clock_Ds1307_Get_Data_Time                 text1        001592
_Real_Time_Clock_Ds1307_Obj                           bssBANK0     0000AD
_Real_Time_Clock_Ds1307_Obj@RealTimeClockDS1307$F4224 bssBANK0     0000A1
_SPBRG                                                (abs)        000FAF
_SPBRGH                                               (abs)        000FB0
_SSPADD                                               (abs)        000FC8
_SSPBUF                                               (abs)        000FC9
_SSPCON1bits                                          (abs)        000FC6
_SSPCON2bits                                          (abs)        000FC5
_SSPSTATbits                                          (abs)        000FC7
_T0CONbits                                            (abs)        000FD5
_T1CONbits                                            (abs)        000FCD
_T2CONbits                                            (abs)        000FCA
_T3CONbits                                            (abs)        000FB1
_TIMER0_INTERRUPT_SET_HANDELER                        bssCOMRAM    00001B
_TIMER0_ISR                                           text6        0015BE
_TIMER1_INTERRUPT_SET_HANDELER                        bssCOMRAM    000017
_TIMER1_ISR                                           text5        0015B2
_TIMER2_INTERRUPT_SET_HANDELER                        bssCOMRAM    000013
_TIMER3_INTERRUPT_SET_HANDELER                        bssCOMRAM    000011
_TIMER3_ISR                                           text4        0015A6
_TMR0H                                                (abs)        000FD7
_TMR0L                                                (abs)        000FD6
_TMR1H                                                (abs)        000FCF
_TMR1L                                                (abs)        000FCE
_TMR2                                                 (abs)        000FCC
_TMR3H                                                (abs)        000FB3
_TMR3L                                                (abs)        000FB2
_TRISA                                                (abs)        000F92
_TRISB                                                (abs)        000F93
_TRISC                                                (abs)        000F94
_TRISCbits                                            (abs)        000F94
_TRISD                                                (abs)        000F95
_TRISE                                                (abs)        000F96
_TRIS_Register                                        dataCOMRAM   000053
_TXREG                                                (abs)        000FAD
_TXSTAbits                                            (abs)        000FAC
_Timer2_ISR                                           text3        0015CA
_Timer2_preloaded_value                               bssCOMRAM    000041
_ZERO                                                 (abs)        007EC2
__HRAM                                                (abs)        000000
__H__absolute__                                       __absolute__ 000000
__Habs1                                               abs1         000000
__Hbank0                                              bank0        000000
__Hbank1                                              bank1        000000
__Hbank10                                             bank10       000000
__Hbank11                                             bank11       000000
__Hbank12                                             bank12       000000
__Hbank13                                             bank13       000000
__Hbank14                                             bank14       000000
__Hbank15                                             bank15       000000
__Hbank2                                              bank2        000000
__Hbank3                                              bank3        000000
__Hbank4                                              bank4        000000
__Hbank5                                              bank5        000000
__Hbank6                                              bank6        000000
__Hbank7                                              bank7        000000
__Hbank8                                              bank8        000000
__Hbank9                                              bank9        000000
__Hbigbss                                             bigbss       000000
__Hbigdata                                            bigdata      000000
__Hbigram                                             bigram       000000
__Hbigsfr                                             bigsfr       000000
__Hbss                                                bss          000000
__HbssBANK0                                           bssBANK0     000000
__HbssCOMRAM                                          bssCOMRAM    000000
__Hcinit                                              cinit        000000
__Hclrtext                                            clrtext      000000
__Hcomram                                             comram       000000
__Hconfig                                             config       30000E
__Hconst                                              const        000000
__HcstackCOMRAM                                       cstackCOMRAM 000000
__Hdata                                               data         000000
__HdataBANK0                                          dataBANK0    000000
__HdataCOMRAM                                         dataCOMRAM   000000
__Heeprom_data                                        eeprom_data  000000
__Hfarbss                                             farbss       000000
__Hfardata                                            fardata      000000
__Hheap                                               heap         000000
__Hibigdata                                           ibigdata     000000
__Hidata                                              idata        000000
__HidataBANK0                                         idataBANK0   000000
__HidataCOMRAM                                        idataCOMRAM  000000
__Hidloc                                              idloc        000000
__Hifardata                                           ifardata     000000
__Hinit                                               init         000012
__Hintcode                                            intcode      00000E
__Hintcode_body                                       intcode_body 000000
__Hintcodelo                                          intcodelo    00000E
__Hintentry                                           intentry     000000
__Hintret                                             intret       000000
__Hintsave_regs                                       intsave_regs 000000
__Hirdata                                             irdata       000000
__Hmediumconst                                        mediumconst  000000
__HnvFARRAM                                           nvFARRAM     000000
__Hnvbit                                              nvbit        000000
__Hnvrram                                             nvrram       000000
__Hparam                                              rparam       000000
__Hpowerup                                            powerup      00000E
__Hram                                                ram          000000
__Hramtop                                             ramtop       001000
__Hrbit                                               rbit         000000
__Hrbss                                               rbss         000000
__Hrdata                                              rdata        000000
__Hreset_vec                                          reset_vec    000004
__Hrparam                                             rparam       000000
__Hsfr                                                sfr          000000
__Hsivt_hi                                            sivt_hi      000000
__Hsivt_lo                                            sivt_lo      000000
__Hsmallconst                                         smallconst   001016
__Hspace_0                                            (abs)        0015F6
__Hspace_1                                            (abs)        0000B9
__Hspace_2                                            (abs)        000000
__Hspace_4                                            (abs)        60000E
__Hstack                                              stack        000000
__Hstruct                                             struct       000000
__Htemp                                               temp         000078
__Htext                                               text         000000
__Htext0                                              text0        000000
__Htext1                                              text1        000000
__Htext10                                             text10       000000
__Htext11                                             text11       000000
__Htext12                                             text12       000000
__Htext13                                             text13       000000
__Htext14                                             text14       000000
__Htext15                                             text15       000000
__Htext16                                             text16       000000
__Htext17                                             text17       000000
__Htext18                                             text18       000000
__Htext19                                             text19       000000
__Htext20                                             text20       000000
__Htext21                                             text21       000000
__Htext3                                              text3        000000
__Htext4                                              text4        000000
__Htext5                                              text5        000000
__Htext6                                              text6        000000
__Htext7                                              text7        000000
__Htext8                                              text8        000000
__Htext9                                              text9        000000
__LRAM                                                (abs)        000001
__L__absolute__                                       __absolute__ 000000
__Labs1                                               abs1         000000
__Lbank0                                              bank0        000000
__Lbank1                                              bank1        000000
__Lbank10                                             bank10       000000
__Lbank11                                             bank11       000000
__Lbank12                                             bank12       000000
__Lbank13                                             bank13       000000
__Lbank14                                             bank14       000000
__Lbank15                                             bank15       000000
__Lbank2                                              bank2        000000
__Lbank3                                              bank3        000000
__Lbank4                                              bank4        000000
__Lbank5                                              bank5        000000
__Lbank6                                              bank6        000000
__Lbank7                                              bank7        000000
__Lbank8                                              bank8        000000
__Lbank9                                              bank9        000000
__Lbigbss                                             bigbss       000000
__Lbigdata                                            bigdata      000000
__Lbigram                                             bigram       000000
__Lbigsfr                                             bigsfr       000000
__Lbss                                                bss          000000
__LbssBANK0                                           bssBANK0     000000
__LbssCOMRAM                                          bssCOMRAM    000000
__Lcinit                                              cinit        000000
__Lclrtext                                            clrtext      000000
__Lcomram                                             comram       000000
__Lconfig                                             config       000000
__Lconst                                              const        000000
__LcstackCOMRAM                                       cstackCOMRAM 000000
__Ldata                                               data         000000
__LdataBANK0                                          dataBANK0    000000
__LdataCOMRAM                                         dataCOMRAM   000000
__Leeprom_data                                        eeprom_data  000000
__Lfarbss                                             farbss       000000
__Lfardata                                            fardata      000000
__Lheap                                               heap         000000
__Libigdata                                           ibigdata     000000
__Lidata                                              idata        000000
__LidataBANK0                                         idataBANK0   000000
__LidataCOMRAM                                        idataCOMRAM  000000
__Lidloc                                              idloc        000000
__Lifardata                                           ifardata     000000
__Linit                                               init         00000E
__Lintcode                                            intcode      000008
__Lintcode_body                                       intcode_body 000000
__Lintcodelo                                          intcodelo    00000E
__Lintentry                                           intentry     000000
__Lintret                                             intret       000000
__Lintsave_regs                                       intsave_regs 000000
__Lirdata                                             irdata       000000
__Lmediumconst                                        mediumconst  000000
__LnvFARRAM                                           nvFARRAM     000000
__Lnvbit                                              nvbit        000000
__Lnvrram                                             nvrram       000000
__Lparam                                              rparam       000000
__Lpowerup                                            powerup      00000E
__Lram                                                ram          000000
__Lramtop                                             ramtop       001000
__Lrbit                                               rbit         000000
__Lrbss                                               rbss         000000
__Lrdata                                              rdata        000000
__Lreset_vec                                          reset_vec    000000
__Lrparam                                             rparam       000000
__Lsfr                                                sfr          000000
__Lsivt_hi                                            sivt_hi      000000
__Lsivt_lo                                            sivt_lo      000000
__Lsmallconst                                         smallconst   001000
__Lspace_0                                            (abs)        000000
__Lspace_1                                            (abs)        000000
__Lspace_2                                            (abs)        000000
__Lspace_4                                            (abs)        000000
__Lstack                                              stack        000000
__Lstruct                                             struct       000000
__Ltemp                                               temp         000077
__Ltext                                               text         000000
__Ltext0                                              text0        000000
__Ltext1                                              text1        000000
__Ltext10                                             text10       000000
__Ltext11                                             text11       000000
__Ltext12                                             text12       000000
__Ltext13                                             text13       000000
__Ltext14                                             text14       000000
__Ltext15                                             text15       000000
__Ltext16                                             text16       000000
__Ltext17                                             text17       000000
__Ltext18                                             text18       000000
__Ltext19                                             text19       000000
__Ltext20                                             text20       000000
__Ltext21                                             text21       000000
__Ltext3                                              text3        000000
__Ltext4                                              text4        000000
__Ltext5                                              text5        000000
__Ltext6                                              text6        000000
__Ltext7                                              text7        000000
__Ltext8                                              text8        000000
__Ltext9                                              text9        000000
__S0                                                  (abs)        0015F6
__S1                                                  (abs)        0000B9
__S4                                                  (abs)        000000
__S5                                                  (abs)        000000
___heap_hi                                            (abs)        000000
___heap_lo                                            (abs)        000000
___inthi_sp                                           stack        000000
___inthi_stack_hi                                     stack        000000
___inthi_stack_lo                                     stack        000000
___intlo_sp                                           stack        000000
___intlo_stack_hi                                     stack        000000
___intlo_stack_lo                                     stack        000000
___param_bank                                         (abs)        000000
___rparam_used                                        (abs)        000001
___sp                                                 stack        000000
___stack_hi                                           stack        000000
___stack_lo                                           stack        000000
__accesstop                                           (abs)        000080
__activetblptr                                        (abs)        000003
__end_of_ADC_ISR                                      text21       0015F2
__end_of_CCP1_ISR                                     text20       0015EE
__end_of_CCP2_ISR                                     text19       0015EA
__end_of_EUSART_RX_ISR                                text18       0015F6
__end_of_EUSART_TX_ISR                                text17       0015E6
__end_of_INT0_ISR                                     text16       0015E2
__end_of_INT1_ISR                                     text15       0015DE
__end_of_INT2_ISR                                     text14       0015DA
__end_of_INTERRUPT_MANAGER_HIGH                       intcode_body 001440
__end_of_MSSP_I2C_APP_ISR                             text12       0015F4
__end_of_MSSP_I2C_COLLISION_ISR                       text13       0015D6
__end_of_MSSP_I2C_ISR                                 text11       0014D0
__end_of_RB4_ISR                                      text10       001592
__end_of_RB5_ISR                                      text9        001578
__end_of_RB6_ISR                                      text8        00155E
__end_of_RB7_ISR                                      text7        001544
__end_of_Real_Time_Clock_Ds1307_Get_Data_Time         text1        0015A6
__end_of_TIMER0_ISR                                   text6        0015CA
__end_of_TIMER1_ISR                                   text5        0015BE
__end_of_TIMER3_ISR                                   text4        0015B2
__end_of_Timer2_ISR                                   text3        0015D2
__end_of__initialization                              cinit        001498
__end_of_btn_values                                   smallconst   001011
__end_of_main                                         text0        00152A
__initialization                                      cinit        001440
__mediumconst                                         mediumconst  000000
__pbssBANK0                                           bssBANK0     0000A1
__pbssCOMRAM                                          bssCOMRAM    000001
__pcinit                                              cinit        001440
__pcstackCOMRAM                                       cstackCOMRAM 000067
__pdataBANK0                                          dataBANK0    000080
__pdataCOMRAM                                         dataCOMRAM   000049
__pidataBANK0                                         idataBANK0   0014D0
__pidataCOMRAM                                        idataCOMRAM  0014F1
__pintcode                                            intcode      000008
__pintcode_body                                       intcode_body 001016
__psmallconst                                         smallconst   001000
__ptext0                                              text0        001510
__ptext1                                              text1        001592
__ptext10                                             text10       001578
__ptext11                                             text11       0014A2
__ptext12                                             text12       0015F2
__ptext13                                             text13       0015D2
__ptext14                                             text14       0015D6
__ptext15                                             text15       0015DA
__ptext16                                             text16       0015DE
__ptext17                                             text17       0015E2
__ptext18                                             text18       0015F4
__ptext19                                             text19       0015E6
__ptext20                                             text20       0015EA
__ptext21                                             text21       0015EE
__ptext3                                              text3        0015CA
__ptext4                                              text4        0015A6
__ptext5                                              text5        0015B2
__ptext6                                              text6        0015BE
__ptext7                                              text7        00152A
__ptext8                                              text8        001544
__ptext9                                              text9        00155E
__ramtop                                              ramtop       001000
__smallconst                                          smallconst   001000
_btn_values                                           smallconst   001001
_i2c_obj                                              dataBANK0    000080
_lcd1                                                 dataCOMRAM   000061
_lcd2                                                 dataBANK0    000097
_main                                                 text0        001510
_timer0_preload_value                                 bssCOMRAM    000019
_timer1_preloaded_Value                               bssCOMRAM    000015
_timer3_preloaded_Value                               bssCOMRAM    00000F
btemp                                                 temp         000077
end_of_initialization                                 cinit        001498
int$flags                                             temp         000077
int_func                                              intcode_body 001016
intlevel0                                             text         000000
intlevel1                                             text         000000
intlevel2                                             text         000000
intlevel3                                             text         000000
isa$std                                               (abs)        000001
isa$xinst                                             (abs)        000000
led_intialize@F3061                                   bssCOMRAM    000048
led_toggle@F3076                                      bssCOMRAM    000045
led_turn_off@F3071                                    bssCOMRAM    000046
led_turn_on@F3066                                     bssCOMRAM    000047
realy_turn_off@F3065                                  bssCOMRAM    000042
realy_turn_on@F3060                                   bssCOMRAM    000043
relay_intialize@F3055                                 bssCOMRAM    000044
stackhi                                               (abs)        000000
stacklo                                               (abs)        000000
start                                                 init         00000E
start_initialization                                  cinit        001440
ttemp5                                                temp         000078
ttemp6                                                temp         00007B
ttemp7                                                temp         00007F
wtemp8                                                temp         000078


MODULE INFORMATION

Module		Function		Class		Link	Load	Size
MCAL_Layer/interrupt/mcal_external_interrupt.c
		_RB4_ISR       		CODE           	1578	0000	26
		_RB5_ISR       		CODE           	155E	0000	26
		_RB6_ISR       		CODE           	1544	0000	26
		_RB7_ISR       		CODE           	152A	0000	26
		_INT0_ISR      		CODE           	15DE	0000	4
		_INT1_ISR      		CODE           	15DA	0000	4
		_INT2_ISR      		CODE           	15D6	0000	4

MCAL_Layer/interrupt/mcal_external_interrupt.c estimated size: 116

MCAL_Layer/I2c/hal_I2C.c
		_MSSP_I2C_ISR  		CODE           	14A2	0000	46
		_MSSP_I2C_COLLISION_ISR		CODE           	15D2	0000	4

MCAL_Layer/I2c/hal_I2C.c estimated size: 50

shared
		_btn_values    		SMALLCONST     	1001	0000	16
		__initialization		CODE           	1440	0000	88

shared estimated size: 104

MCAL_Layer/ADC/hal_adc.c
		_ADC_ISR       		CODE           	15EE	0000	4

MCAL_Layer/ADC/hal_adc.c estimated size: 4

MCAL_Layer/USART/hal_usart.c
		_EUSART_RX_ISR 		CODE           	15F4	0000	2
		_EUSART_TX_ISR 		CODE           	15E2	0000	4

MCAL_Layer/USART/hal_usart.c estimated size: 6

RealTimeClockDS1307/RealTimeClockDS1307.c
		_Real_Time_Clock_Ds1307_Get_Data_Time		CODE           	1592	0000	20

RealTimeClockDS1307/RealTimeClockDS1307.c estimated size: 20

MCAL_Layer/CCP1/hal_ccp1.c
		_CCP1_ISR      		CODE           	15EA	0000	4
		_CCP2_ISR      		CODE           	15E6	0000	4

MCAL_Layer/CCP1/hal_ccp1.c estimated size: 8

application.c
		_main          		CODE           	1510	0000	26
		_MSSP_I2C_APP_ISR		CODE           	15F2	0000	2

application.c estimated size: 28

MCAL_Layer/Timer3/hal_timer3.c
		_TIMER3_ISR    		CODE           	15A6	0000	12

MCAL_Layer/Timer3/hal_timer3.c estimated size: 12

MCAL_Layer/Timer2/hal_timer2.c
		_Timer2_ISR    		CODE           	15CA	0000	8

MCAL_Layer/Timer2/hal_timer2.c estimated size: 8

MCAL_Layer/Timer1/hal_timer1.c
		_TIMER1_ISR    		CODE           	15B2	0000	12

MCAL_Layer/Timer1/hal_timer1.c estimated size: 12

MCAL_Layer/Timer0/hal_timer0.c
		_TIMER0_ISR    		CODE           	15BE	0000	12

MCAL_Layer/Timer0/hal_timer0.c estimated size: 12

MCAL_Layer/interrupt/mcal_interrupt_manager.c
		_INTERRUPT_MANAGER_HIGH		CODE           	0008	0000	1072

MCAL_Layer/interrupt/mcal_interrupt_manager.c estimated size: 1072

